
===========================================================================
report_checks -unconstrained
===========================================================================
======================= max_ss_100C_1v60 Corner ===================================

Startpoint: wb_rst_i (input port clocked by wb_clk_i)
Endpoint: _674_ (recovery check against rising-edge clock wb_clk_i)
Path Group: asynchronous
Path Type: max

Fanout         Cap        Slew       Delay        Time   Description
---------------------------------------------------------------------------------------------
                                  0.000000    0.000000   clock wb_clk_i (rise edge)
                                  0.000000    0.000000   clock network delay (propagated)
                                  1.000000    1.000000 v input external delay
     1    0.002014    0.000000    0.000000    1.000000 v wb_rst_i (in)
                                                         wb_rst_i (net)
                      0.000102    0.000051    1.000051 v hold1/A (sky130_fd_sc_hd__dlygate4sd3_1)
     1    0.002063    0.099327    1.083017    2.083067 v hold1/X (sky130_fd_sc_hd__dlygate4sd3_1)
                                                         net160 (net)
                      0.099327    0.000095    2.083162 v input1/A (sky130_fd_sc_hd__buf_1)
     1    0.010523    0.130503    0.239230    2.322392 v input1/X (sky130_fd_sc_hd__buf_1)
                                                         net1 (net)
                      0.130507    0.000894    2.323286 v _377_/A (sky130_fd_sc_hd__inv_2)
     1    0.017974    0.140817    0.171154    2.494440 ^ _377_/Y (sky130_fd_sc_hd__inv_2)
                                                         _000_ (net)
                      0.140851    0.001812    2.496252 ^ _674_/RESET_B (sky130_fd_sc_hd__dfrtp_1)
                                              2.496252   data arrival time

                                 20.000000   20.000000   clock wb_clk_i (rise edge)
                                  0.000000   20.000000   clock source latency
     1    0.142467    0.000000    0.000000   20.000000 ^ wb_clk_i (in)
                                                         wb_clk_i (net)
                      0.026110    0.013054   20.013056 ^ clkbuf_0_wb_clk_i/A (sky130_fd_sc_hd__clkbuf_16)
     2    0.109005    0.189687    0.297973   20.311028 ^ clkbuf_0_wb_clk_i/X (sky130_fd_sc_hd__clkbuf_16)
                                                         clknet_0_wb_clk_i (net)
                      0.192602    0.018696   20.329723 ^ clkbuf_1_0__f_wb_clk_i/A (sky130_fd_sc_hd__clkbuf_16)
     5    0.679918    1.023315    0.842606   21.172331 ^ clkbuf_1_0__f_wb_clk_i/X (sky130_fd_sc_hd__clkbuf_16)
                                                         clknet_1_0__leaf_wb_clk_i (net)
                      1.059158    0.151513   21.323843 ^ _674_/CLK (sky130_fd_sc_hd__dfrtp_1)
                                 -0.250000   21.073843   clock uncertainty
                                  0.000000   21.073843   clock reconvergence pessimism
                                  0.767435   21.841278   library recovery time
                                             21.841278   data required time
---------------------------------------------------------------------------------------------
                                             21.841278   data required time
                                             -2.496252   data arrival time
---------------------------------------------------------------------------------------------
                                             19.345026   slack (MET)


Startpoint: wbs_adr_i[12] (input port clocked by wb_clk_i)
Endpoint: wbs_dat_o[5] (output port clocked by wb_clk_i)
Path Group: wb_clk_i
Path Type: max

Fanout         Cap        Slew       Delay        Time   Description
---------------------------------------------------------------------------------------------
                                  0.000000    0.000000   clock wb_clk_i (rise edge)
                                  0.000000    0.000000   clock network delay (propagated)
                                  1.000000    1.000000 v input external delay
     1    0.003540    0.000000    0.000000    1.000000 v wbs_adr_i[12] (in)
                                                         wbs_adr_i[12] (net)
                      0.000192    0.000096    1.000096 v hold48/A (sky130_fd_sc_hd__dlygate4sd3_1)
     1    0.004682    0.127836    1.126177    2.126273 v hold48/X (sky130_fd_sc_hd__dlygate4sd3_1)
                                                         net207 (net)
                      0.127836    0.000218    2.126492 v input4/A (sky130_fd_sc_hd__buf_6)
     7    0.148934    0.229872    0.391887    2.518379 v input4/X (sky130_fd_sc_hd__buf_6)
                                                         net4 (net)
                      0.232483    0.019714    2.538092 v _390_/A_N (sky130_fd_sc_hd__nand2b_4)
    36    0.243145    1.042349    0.988336    3.526429 v _390_/Y (sky130_fd_sc_hd__nand2b_4)
                                                         _009_ (net)
                      1.060804    0.111496    3.637924 v _397_/B (sky130_fd_sc_hd__nor2_8)
    31    0.231500    1.342270    1.415191    5.053115 ^ _397_/Y (sky130_fd_sc_hd__nor2_8)
                                                         i_sram.sram_cs[6] (net)
                      1.342671    0.021848    5.074963 ^ _468_/A2 (sky130_fd_sc_hd__o211a_2)
     1    0.071226    0.637989    1.141527    6.216490 ^ _468_/X (sky130_fd_sc_hd__o211a_2)
                                                         _074_ (net)
                      0.639369    0.022067    6.238557 ^ _470_/A3 (sky130_fd_sc_hd__o311a_2)
     1    0.048937    0.432580    0.793518    7.032074 ^ _470_/X (sky130_fd_sc_hd__o311a_2)
                                                         _076_ (net)
                      0.432633    0.004853    7.036928 ^ _473_/A1 (sky130_fd_sc_hd__o211a_2)
     1    0.052639    0.480039    0.822707    7.859635 ^ _473_/X (sky130_fd_sc_hd__o211a_2)
                                                         _079_ (net)
                      0.480380    0.011657    7.871292 ^ _474_/C1 (sky130_fd_sc_hd__a211o_1)
     1    0.024181    0.340166    0.508535    8.379827 ^ _474_/X (sky130_fd_sc_hd__a211o_1)
                                                         _080_ (net)
                      0.340325    0.003661    8.383489 ^ _475_/C1 (sky130_fd_sc_hd__o211a_2)
     2    0.049512    0.461085    0.757266    9.140755 ^ _475_/X (sky130_fd_sc_hd__o211a_2)
                                                         net82 (net)
                      0.461589    0.013678    9.154433 ^ output82/A (sky130_fd_sc_hd__buf_1)
     1    0.000912    0.047711    0.252380    9.406814 ^ output82/X (sky130_fd_sc_hd__buf_1)
                                                         wbs_dat_o[5] (net)
                      0.047711    0.000021    9.406835 ^ wbs_dat_o[5] (out)
                                              9.406835   data arrival time

                                 20.000000   20.000000   clock wb_clk_i (rise edge)
                                  0.000000   20.000000   clock network delay (propagated)
                                 -0.250000   19.750002   clock uncertainty
                                  0.000000   19.750002   clock reconvergence pessimism
                                 -1.000000   18.750002   output external delay
                                             18.750002   data required time
---------------------------------------------------------------------------------------------
                                             18.750002   data required time
                                             -9.406835   data arrival time
---------------------------------------------------------------------------------------------
                                              9.343166   slack (MET)




===========================================================================
report_checks --slack_max -0.01
============================================================================
======================= max_ss_100C_1v60 Corner ===================================

No paths found.


===========================================================================
 report_check_types -max_slew -max_cap -max_fanout -violators
============================================================================
======================= max_ss_100C_1v60 Corner ===================================

max slew

Pin                                        Limit        Slew       Slack
------------------------------------------------------------------------
_415_/B                                 1.500000    1.826893   -0.326893 (VIOLATED)
_666_/B                                 1.500000    1.826811   -0.326811 (VIOLATED)
_407_/B                                 1.500000    1.826808   -0.326808 (VIOLATED)
_398_/B                                 1.500000    1.826600   -0.326601 (VIOLATED)
_650_/B                                 1.500000    1.826455   -0.326456 (VIOLATED)
_658_/B                                 1.500000    1.826310   -0.326310 (VIOLATED)
_642_/B                                 1.500000    1.826013   -0.326013 (VIOLATED)
_614_/B                                 1.500000    1.825677   -0.325677 (VIOLATED)
_425_/A1                                1.500000    1.825446   -0.325446 (VIOLATED)
_632_/B                                 1.500000    1.824823   -0.324823 (VIOLATED)
_622_/B                                 1.500000    1.824489   -0.324489 (VIOLATED)
_606_/B                                 1.500000    1.824098   -0.324098 (VIOLATED)
_397_/A                                 1.500000    1.823918   -0.323918 (VIOLATED)
_580_/B                                 1.500000    1.822426   -0.322426 (VIOLATED)
_588_/B                                 1.500000    1.822280   -0.322280 (VIOLATED)
_598_/B                                 1.500000    1.822106   -0.322106 (VIOLATED)
_564_/B                                 1.500000    1.821671   -0.321671 (VIOLATED)
_458_/B                                 1.500000    1.820901   -0.320901 (VIOLATED)
_572_/B                                 1.500000    1.820669   -0.320669 (VIOLATED)
_434_/B                                 1.500000    1.819977   -0.319977 (VIOLATED)
_555_/A1                                1.500000    1.818854   -0.318854 (VIOLATED)
_442_/B                                 1.500000    1.818516   -0.318516 (VIOLATED)
_450_/B                                 1.500000    1.817071   -0.317071 (VIOLATED)
_466_/B                                 1.500000    1.816619   -0.316619 (VIOLATED)
_486_/B                                 1.500000    1.814826   -0.314826 (VIOLATED)
_476_/B                                 1.500000    1.814182   -0.314182 (VIOLATED)
_496_/B                                 1.500000    1.812951   -0.312951 (VIOLATED)
_424_/B                                 1.500000    1.812213   -0.312213 (VIOLATED)
_504_/B                                 1.500000    1.812177   -0.312177 (VIOLATED)
_512_/B                                 1.500000    1.810191   -0.310191 (VIOLATED)
_528_/B                                 1.500000    1.809523   -0.309523 (VIOLATED)
_544_/B                                 1.500000    1.808006   -0.308006 (VIOLATED)
_520_/B                                 1.500000    1.807843   -0.307843 (VIOLATED)
_536_/B                                 1.500000    1.807141   -0.307141 (VIOLATED)
_554_/B                                 1.500000    1.803194   -0.303194 (VIOLATED)
ANTENNA_1/DIODE                         1.500000    1.803094   -0.303094 (VIOLATED)
_384_/C                                 1.500000    1.794770   -0.294770 (VIOLATED)
_380_/Y                                 1.498458    1.791441   -0.292983 (VIOLATED)

max capacitance

Pin                                        Limit         Cap       Slack
------------------------------------------------------------------------
_380_/Y                                 0.227061    0.277527   -0.050466 (VIOLATED)



===========================================================================
report_parasitic_annotation -report_unannotated
============================================================================
Found 92 unannotated drivers.
 wbs_adr_i[0]
 wbs_adr_i[15]
 wbs_adr_i[16]
 wbs_adr_i[17]
 wbs_adr_i[18]
 wbs_adr_i[19]
 wbs_adr_i[1]
 wbs_adr_i[20]
 wbs_adr_i[21]
 wbs_adr_i[22]
 wbs_adr_i[23]
 wbs_adr_i[24]
 wbs_adr_i[25]
 wbs_adr_i[26]
 wbs_adr_i[27]
 wbs_adr_i[28]
 wbs_adr_i[29]
 wbs_adr_i[30]
 wbs_adr_i[31]
 clkload0/X
 i_sram.sram0/ScanOutCC
 i_sram.sram0_100/HI
 i_sram.sram0_101/HI
 i_sram.sram0_144/LO
 i_sram.sram0_145/LO
 i_sram.sram0_96/HI
 i_sram.sram0_97/HI
 i_sram.sram0_98/HI
 i_sram.sram0_99/HI
 i_sram.sram1/ScanOutCC
 i_sram.sram1_102/HI
 i_sram.sram1_103/HI
 i_sram.sram1_104/HI
 i_sram.sram1_105/HI
 i_sram.sram1_106/HI
 i_sram.sram1_107/HI
 i_sram.sram1_146/LO
 i_sram.sram1_147/LO
 i_sram.sram2/ScanOutCC
 i_sram.sram2_108/HI
 i_sram.sram2_109/HI
 i_sram.sram2_110/HI
 i_sram.sram2_111/HI
 i_sram.sram2_112/HI
 i_sram.sram2_113/HI
 i_sram.sram2_148/LO
 i_sram.sram2_149/LO
 i_sram.sram3/ScanOutCC
 i_sram.sram3_114/HI
 i_sram.sram3_115/HI
 i_sram.sram3_116/HI
 i_sram.sram3_117/HI
 i_sram.sram3_118/HI
 i_sram.sram3_119/HI
 i_sram.sram3_150/LO
 i_sram.sram3_151/LO
 i_sram.sram4/ScanOutCC
 i_sram.sram4_120/HI
 i_sram.sram4_121/HI
 i_sram.sram4_122/HI
 i_sram.sram4_123/HI
 i_sram.sram4_124/HI
 i_sram.sram4_125/HI
 i_sram.sram4_152/LO
 i_sram.sram4_153/LO
 i_sram.sram5/ScanOutCC
 i_sram.sram5_126/HI
 i_sram.sram5_127/HI
 i_sram.sram5_128/HI
 i_sram.sram5_129/HI
 i_sram.sram5_130/HI
 i_sram.sram5_131/HI
 i_sram.sram5_154/LO
 i_sram.sram5_155/LO
 i_sram.sram6/ScanOutCC
 i_sram.sram6_132/HI
 i_sram.sram6_133/HI
 i_sram.sram6_134/HI
 i_sram.sram6_135/HI
 i_sram.sram6_136/HI
 i_sram.sram6_137/HI
 i_sram.sram6_156/LO
 i_sram.sram6_157/LO
 i_sram.sram7/ScanOutCC
 i_sram.sram7_138/HI
 i_sram.sram7_139/HI
 i_sram.sram7_140/HI
 i_sram.sram7_141/HI
 i_sram.sram7_142/HI
 i_sram.sram7_143/HI
 i_sram.sram7_158/LO
 i_sram.sram7_159/LO
Found 0 partially unannotated drivers.

===========================================================================
max slew violation count 38
max fanout violation count 0
max cap violation count 1
============================================================================

===========================================================================
check_setup -verbose -unconstrained_endpoints -multiple_clock -no_clock -no_input_delay -loops -generated_clocks
===========================================================================
Warning: There are 40 unconstrained endpoints.
  i_sram.sram0/SM
  i_sram.sram0/ScanInCC
  i_sram.sram0/ScanInDL
  i_sram.sram0/ScanInDR
  i_sram.sram0/TM
  i_sram.sram1/SM
  i_sram.sram1/ScanInCC
  i_sram.sram1/ScanInDL
  i_sram.sram1/ScanInDR
  i_sram.sram1/TM
  i_sram.sram2/SM
  i_sram.sram2/ScanInCC
  i_sram.sram2/ScanInDL
  i_sram.sram2/ScanInDR
  i_sram.sram2/TM
  i_sram.sram3/SM
  i_sram.sram3/ScanInCC
  i_sram.sram3/ScanInDL
  i_sram.sram3/ScanInDR
  i_sram.sram3/TM
  i_sram.sram4/SM
  i_sram.sram4/ScanInCC
  i_sram.sram4/ScanInDL
  i_sram.sram4/ScanInDR
  i_sram.sram4/TM
  i_sram.sram5/SM
  i_sram.sram5/ScanInCC
  i_sram.sram5/ScanInDL
  i_sram.sram5/ScanInDR
  i_sram.sram5/TM
  i_sram.sram6/SM
  i_sram.sram6/ScanInCC
  i_sram.sram6/ScanInDL
  i_sram.sram6/ScanInDR
  i_sram.sram6/TM
  i_sram.sram7/SM
  i_sram.sram7/ScanInCC
  i_sram.sram7/ScanInDL
  i_sram.sram7/ScanInDR
  i_sram.sram7/TM
