
===========================================================================
 report_power
============================================================================
======================= nom_ff_n40C_1v95 Corner ===================================

Group                    Internal    Switching      Leakage        Total
                            Power        Power        Power        Power (Watts)
------------------------------------------------------------------------
Sequential           2.644085e-06 1.974305e-07 1.535706e-11 2.841531e-06   0.2%
Combinational        5.560114e-05 3.780118e-04 9.493117e-09 4.336225e-04  24.2%
Clock                3.368879e-05 2.679210e-04 9.617253e-09 3.016194e-04  16.8%
Macro                1.056583e-03 0.000000e+00 3.328896e-07 1.056915e-03  58.9%
Pad                  0.000000e+00 0.000000e+00 0.000000e+00 0.000000e+00   0.0%
------------------------------------------------------------------------
Total                1.148516e-03 6.461302e-04 3.520157e-07 1.794999e-03 100.0%
                            64.0%        36.0%         0.0%

