
===========================================================================
 report_power
============================================================================
======================= nom_tt_025C_1v80 Corner ===================================

Group                    Internal    Switching      Leakage        Total
                            Power        Power        Power        Power (Watts)
------------------------------------------------------------------------
Sequential           2.149927e-06 1.676821e-07 1.288808e-11 2.317622e-06   0.1%
Combinational        4.914465e-05 3.218953e-04 2.551450e-09 3.710426e-04  22.0%
Clock                2.958156e-05 2.283859e-04 8.060064e-09 2.579755e-04  15.3%
Macro                1.056583e-03 0.000000e+00 3.328896e-07 1.056915e-03  62.6%
Pad                  0.000000e+00 0.000000e+00 0.000000e+00 0.000000e+00   0.0%
------------------------------------------------------------------------
Total                1.137459e-03 5.504487e-04 3.435151e-07 1.688251e-03 100.0%
                            67.4%        32.6%         0.0%

