┏━━━━━━━┳━━━━━━━━━┳━━━━━━━━━━┳━━━━━━━━━━━━━━━━━━━━━━━┳━━━━━━━━━━━━━━━━━━━━━┳━━━━━━━┓
┃ P / R ┃ Partial ┃ Required ┃ Net                   ┃ Pin                 ┃ Layer ┃
┡━━━━━━━╇━━━━━━━━━╇━━━━━━━━━━╇━━━━━━━━━━━━━━━━━━━━━━━╇━━━━━━━━━━━━━━━━━━━━━╇━━━━━━━┩
│ 8.35  │ 3340.99 │ 400.00   │ net67                 │ output67/A          │ met3  │
│ 2.28  │ 913.41  │ 400.00   │ _223_                 │ _639_/A1            │ met2  │
│ 2.07  │ 826.23  │ 400.00   │ wb_clk_i              │ clkbuf_0_wb_clk_i/A │ met4  │
│ 1.78  │ 710.98  │ 400.00   │ wb_clk_i              │ clkbuf_0_wb_clk_i/A │ met3  │
│ 1.32  │ 526.45  │ 400.00   │ i_sram.sram_do_1[12\] │ _534_/A1            │ met3  │
│ 1.23  │ 491.03  │ 400.00   │ i_sram.sram_do_2[10\] │ _517_/A1            │ met1  │
│ 1.19  │ 475.83  │ 400.00   │ _009_                 │ _554_/C             │ met1  │
│ 1.11  │ 444.31  │ 400.00   │ _116_                 │ _516_/B2            │ met2  │
│ 1.10  │ 439.22  │ 400.00   │ _054_                 │ _446_/B2            │ met2  │
└───────┴─────────┴──────────┴───────────────────────┴─────────────────────┴───────┘
