
===========================================================================
 report_power
============================================================================
======================= min_ff_n40C_1v95 Corner ===================================

Group                    Internal    Switching      Leakage        Total
                            Power        Power        Power        Power (Watts)
------------------------------------------------------------------------
Sequential           2.630960e-06 1.783060e-07 1.535706e-11 2.809282e-06   0.2%
Combinational        5.560045e-05 3.544370e-04 9.493117e-09 4.100469e-04  23.2%
Clock                3.371017e-05 2.609705e-04 9.617253e-09 2.946903e-04  16.7%
Macro                1.056583e-03 0.000000e+00 3.328896e-07 1.056915e-03  59.9%
Pad                  0.000000e+00 0.000000e+00 0.000000e+00 0.000000e+00   0.0%
------------------------------------------------------------------------
Total                1.148524e-03 6.155857e-04 3.520157e-07 1.764462e-03 100.0%
                            65.1%        34.9%         0.0%

