
===========================================================================
 report_power
============================================================================
======================= min_ss_100C_1v60 Corner ===================================

Group                    Internal    Switching      Leakage        Total
                            Power        Power        Power        Power (Watts)
------------------------------------------------------------------------
Sequential           1.621825e-06 1.191918e-07 1.881796e-08 1.759835e-06   0.1%
Combinational        3.958190e-05 2.384341e-04 3.247885e-06 2.812638e-04  18.3%
Clock                2.371768e-05 1.758826e-04 7.135186e-08 1.996716e-04  13.0%
Macro                1.056583e-03 0.000000e+00 3.328896e-07 1.056915e-03  68.6%
Pad                  0.000000e+00 0.000000e+00 0.000000e+00 0.000000e+00   0.0%
------------------------------------------------------------------------
Total                1.121504e-03 4.144359e-04 3.670943e-06 1.539611e-03 100.0%
                            72.8%        26.9%         0.2%

