
===========================================================================
report_checks -unconstrained
===========================================================================
======================= max_ff_n40C_1v95 Corner ===================================

Startpoint: wb_rst_i (input port clocked by wb_clk_i)
Endpoint: _674_ (recovery check against rising-edge clock wb_clk_i)
Path Group: asynchronous
Path Type: max

Fanout         Cap        Slew       Delay        Time   Description
---------------------------------------------------------------------------------------------
                                  0.000000    0.000000   clock wb_clk_i (rise edge)
                                  0.000000    0.000000   clock network delay (propagated)
                                  1.000000    1.000000 v input external delay
     1    0.002174    0.000000    0.000000    1.000000 v wb_rst_i (in)
                                                         wb_rst_i (net)
                      0.000111    0.000056    1.000056 v hold1/A (sky130_fd_sc_hd__dlygate4sd3_1)
     1    0.002137    0.035764    0.346266    1.346322 v hold1/X (sky130_fd_sc_hd__dlygate4sd3_1)
                                                         net160 (net)
                      0.035764    0.000098    1.346420 v input1/A (sky130_fd_sc_hd__buf_1)
     1    0.010508    0.045950    0.082374    1.428794 v input1/X (sky130_fd_sc_hd__buf_1)
                                                         net1 (net)
                      0.045970    0.000891    1.429684 v _377_/A (sky130_fd_sc_hd__inv_2)
     1    0.018330    0.066504    0.069809    1.499494 ^ _377_/Y (sky130_fd_sc_hd__inv_2)
                                                         _000_ (net)
                      0.066583    0.001865    1.501359 ^ _674_/RESET_B (sky130_fd_sc_hd__dfrtp_1)
                                              1.501359   data arrival time

                                 20.000000   20.000000   clock wb_clk_i (rise edge)
                                  0.000000   20.000000   clock source latency
     1    0.142536    0.000000    0.000000   20.000000 ^ wb_clk_i (in)
                                                         wb_clk_i (net)
                      0.026132    0.013067   20.013067 ^ clkbuf_0_wb_clk_i/A (sky130_fd_sc_hd__clkbuf_16)
     2    0.109143    0.097015    0.125478   20.138546 ^ clkbuf_0_wb_clk_i/X (sky130_fd_sc_hd__clkbuf_16)
                                                         clknet_0_wb_clk_i (net)
                      0.102687    0.018318   20.156864 ^ clkbuf_1_0__f_wb_clk_i/A (sky130_fd_sc_hd__clkbuf_16)
     5    0.680103    0.519352    0.320060   20.476923 ^ clkbuf_1_0__f_wb_clk_i/X (sky130_fd_sc_hd__clkbuf_16)
                                                         clknet_1_0__leaf_wb_clk_i (net)
                      0.592311    0.148635   20.625559 ^ _674_/CLK (sky130_fd_sc_hd__dfrtp_1)
                                 -0.250000   20.375559   clock uncertainty
                                  0.000000   20.375559   clock reconvergence pessimism
                                  0.207660   20.583220   library recovery time
                                             20.583220   data required time
---------------------------------------------------------------------------------------------
                                             20.583220   data required time
                                             -1.501359   data arrival time
---------------------------------------------------------------------------------------------
                                             19.081860   slack (MET)


Startpoint: i_sram.sram6 (rising edge-triggered flip-flop clocked by wb_clk_i)
Endpoint: wbs_dat_o[15] (output port clocked by wb_clk_i)
Path Group: wb_clk_i
Path Type: max

Fanout         Cap        Slew       Delay        Time   Description
---------------------------------------------------------------------------------------------
                                  0.000000    0.000000   clock wb_clk_i (rise edge)
                                  0.000000    0.000000   clock source latency
     1    0.142536    0.000000    0.000000    0.000000 ^ wb_clk_i (in)
                                                         wb_clk_i (net)
                      0.026132    0.013066    0.013066 ^ clkbuf_0_wb_clk_i/A (sky130_fd_sc_hd__clkbuf_16)
     2    0.109143    0.097015    0.125478    0.138544 ^ clkbuf_0_wb_clk_i/X (sky130_fd_sc_hd__clkbuf_16)
                                                         clknet_0_wb_clk_i (net)
                      0.099820    0.012933    0.151477 ^ clkbuf_1_1__f_wb_clk_i/A (sky130_fd_sc_hd__clkbuf_16)
    14    0.655507    0.507201    0.358110    0.509587 ^ clkbuf_1_1__f_wb_clk_i/X (sky130_fd_sc_hd__clkbuf_16)
                                                         clknet_1_1__leaf_wb_clk_i (net)
                      0.556385    0.120780    0.630367 ^ i_sram.sram6/CLKin (CF_SRAM_1024x32)
    11    0.082495    0.056113    2.387246    3.017612 v i_sram.sram6/DO[15] (CF_SRAM_1024x32)
                                                         i_sram.sram_do_6[15] (net)
                      0.056157    0.006827    3.024440 v _554_/A (sky130_fd_sc_hd__or3_1)
     1    0.014786    0.091555    0.267453    3.291892 v _554_/X (sky130_fd_sc_hd__or3_1)
                                                         _150_ (net)
                      0.091571    0.001194    3.293087 v _557_/A2 (sky130_fd_sc_hd__a311o_2)
     1    0.041095    0.109275    0.317282    3.610369 v _557_/X (sky130_fd_sc_hd__a311o_2)
                                                         _153_ (net)
                      0.110390    0.009241    3.619610 v _559_/B1 (sky130_fd_sc_hd__a22o_1)
     1    0.032679    0.116402    0.190868    3.810478 v _559_/X (sky130_fd_sc_hd__a22o_1)
                                                         _155_ (net)
                      0.116958    0.006173    3.816651 v _560_/A1 (sky130_fd_sc_hd__mux2_2)
     1    0.038472    0.103066    0.244246    4.060897 v _560_/X (sky130_fd_sc_hd__mux2_2)
                                                         _156_ (net)
                      0.103836    0.007110    4.068007 v _561_/A1 (sky130_fd_sc_hd__mux2_1)
     1    0.017106    0.087991    0.230106    4.298113 v _561_/X (sky130_fd_sc_hd__mux2_1)
                                                         _157_ (net)
                      0.088039    0.001898    4.300010 v _563_/A2 (sky130_fd_sc_hd__o211a_2)
     2    0.073590    0.139790    0.258352    4.558362 v _563_/X (sky130_fd_sc_hd__o211a_2)
                                                         net61 (net)
                      0.148180    0.026537    4.584899 v output61/A (sky130_fd_sc_hd__buf_1)
     1    0.000474    0.014357    0.084436    4.669336 v output61/X (sky130_fd_sc_hd__buf_1)
                                                         wbs_dat_o[15] (net)
                      0.014357    0.000011    4.669346 v wbs_dat_o[15] (out)
                                              4.669346   data arrival time

                                 20.000000   20.000000   clock wb_clk_i (rise edge)
                                  0.000000   20.000000   clock network delay (propagated)
                                 -0.250000   19.750002   clock uncertainty
                                  0.000000   19.750002   clock reconvergence pessimism
                                 -1.000000   18.750002   output external delay
                                             18.750002   data required time
---------------------------------------------------------------------------------------------
                                             18.750002   data required time
                                             -4.669346   data arrival time
---------------------------------------------------------------------------------------------
                                             14.080655   slack (MET)




===========================================================================
report_checks --slack_max -0.01
============================================================================
======================= max_ff_n40C_1v95 Corner ===================================

No paths found.


===========================================================================
 report_check_types -max_slew -max_cap -max_fanout -violators
============================================================================
======================= max_ff_n40C_1v95 Corner ===================================



===========================================================================
report_parasitic_annotation -report_unannotated
============================================================================
Found 92 unannotated drivers.
 wbs_adr_i[0]
 wbs_adr_i[15]
 wbs_adr_i[16]
 wbs_adr_i[17]
 wbs_adr_i[18]
 wbs_adr_i[19]
 wbs_adr_i[1]
 wbs_adr_i[20]
 wbs_adr_i[21]
 wbs_adr_i[22]
 wbs_adr_i[23]
 wbs_adr_i[24]
 wbs_adr_i[25]
 wbs_adr_i[26]
 wbs_adr_i[27]
 wbs_adr_i[28]
 wbs_adr_i[29]
 wbs_adr_i[30]
 wbs_adr_i[31]
 clkload0/X
 i_sram.sram0/ScanOutCC
 i_sram.sram0_100/HI
 i_sram.sram0_101/HI
 i_sram.sram0_144/LO
 i_sram.sram0_145/LO
 i_sram.sram0_96/HI
 i_sram.sram0_97/HI
 i_sram.sram0_98/HI
 i_sram.sram0_99/HI
 i_sram.sram1/ScanOutCC
 i_sram.sram1_102/HI
 i_sram.sram1_103/HI
 i_sram.sram1_104/HI
 i_sram.sram1_105/HI
 i_sram.sram1_106/HI
 i_sram.sram1_107/HI
 i_sram.sram1_146/LO
 i_sram.sram1_147/LO
 i_sram.sram2/ScanOutCC
 i_sram.sram2_108/HI
 i_sram.sram2_109/HI
 i_sram.sram2_110/HI
 i_sram.sram2_111/HI
 i_sram.sram2_112/HI
 i_sram.sram2_113/HI
 i_sram.sram2_148/LO
 i_sram.sram2_149/LO
 i_sram.sram3/ScanOutCC
 i_sram.sram3_114/HI
 i_sram.sram3_115/HI
 i_sram.sram3_116/HI
 i_sram.sram3_117/HI
 i_sram.sram3_118/HI
 i_sram.sram3_119/HI
 i_sram.sram3_150/LO
 i_sram.sram3_151/LO
 i_sram.sram4/ScanOutCC
 i_sram.sram4_120/HI
 i_sram.sram4_121/HI
 i_sram.sram4_122/HI
 i_sram.sram4_123/HI
 i_sram.sram4_124/HI
 i_sram.sram4_125/HI
 i_sram.sram4_152/LO
 i_sram.sram4_153/LO
 i_sram.sram5/ScanOutCC
 i_sram.sram5_126/HI
 i_sram.sram5_127/HI
 i_sram.sram5_128/HI
 i_sram.sram5_129/HI
 i_sram.sram5_130/HI
 i_sram.sram5_131/HI
 i_sram.sram5_154/LO
 i_sram.sram5_155/LO
 i_sram.sram6/ScanOutCC
 i_sram.sram6_132/HI
 i_sram.sram6_133/HI
 i_sram.sram6_134/HI
 i_sram.sram6_135/HI
 i_sram.sram6_136/HI
 i_sram.sram6_137/HI
 i_sram.sram6_156/LO
 i_sram.sram6_157/LO
 i_sram.sram7/ScanOutCC
 i_sram.sram7_138/HI
 i_sram.sram7_139/HI
 i_sram.sram7_140/HI
 i_sram.sram7_141/HI
 i_sram.sram7_142/HI
 i_sram.sram7_143/HI
 i_sram.sram7_158/LO
 i_sram.sram7_159/LO
Found 0 partially unannotated drivers.

===========================================================================
max slew violation count 0
max fanout violation count 0
max cap violation count 0
============================================================================

===========================================================================
check_setup -verbose -unconstrained_endpoints -multiple_clock -no_clock -no_input_delay -loops -generated_clocks
===========================================================================
Warning: There are 40 unconstrained endpoints.
  i_sram.sram0/SM
  i_sram.sram0/ScanInCC
  i_sram.sram0/ScanInDL
  i_sram.sram0/ScanInDR
  i_sram.sram0/TM
  i_sram.sram1/SM
  i_sram.sram1/ScanInCC
  i_sram.sram1/ScanInDL
  i_sram.sram1/ScanInDR
  i_sram.sram1/TM
  i_sram.sram2/SM
  i_sram.sram2/ScanInCC
  i_sram.sram2/ScanInDL
  i_sram.sram2/ScanInDR
  i_sram.sram2/TM
  i_sram.sram3/SM
  i_sram.sram3/ScanInCC
  i_sram.sram3/ScanInDL
  i_sram.sram3/ScanInDR
  i_sram.sram3/TM
  i_sram.sram4/SM
  i_sram.sram4/ScanInCC
  i_sram.sram4/ScanInDL
  i_sram.sram4/ScanInDR
  i_sram.sram4/TM
  i_sram.sram5/SM
  i_sram.sram5/ScanInCC
  i_sram.sram5/ScanInDL
  i_sram.sram5/ScanInDR
  i_sram.sram5/TM
  i_sram.sram6/SM
  i_sram.sram6/ScanInCC
  i_sram.sram6/ScanInDL
  i_sram.sram6/ScanInDR
  i_sram.sram6/TM
  i_sram.sram7/SM
  i_sram.sram7/ScanInCC
  i_sram.sram7/ScanInDL
  i_sram.sram7/ScanInDR
  i_sram.sram7/TM
