┏━━━━━━━━━━━━━━━━━━━━━━┳━━━━━━━━━━┳━━━━━━━━━━┳━━━━━━━━━━┳━━━━━━━━━━┳━━━━━━━━━━━┳━━━━━━━━━━┳━━━━━━━━━━━┳━━━━━━━━━━┳━━━━━━━━━━━┳━━━━━━━━━━┳━━━━━━━━━━━┳━━━━━━━━━━┓
┃                      ┃ Hold     ┃ Reg to   ┃          ┃          ┃ of which  ┃ Setup    ┃           ┃          ┃           ┃ of which ┃           ┃          ┃
┃                      ┃ Worst    ┃ Reg      ┃          ┃ Hold Vio ┃ reg to    ┃ Worst    ┃ Reg to    ┃ Setup    ┃ Setup Vio ┃ reg to   ┃ Max Cap   ┃ Max Slew ┃
┃ Corner/Group         ┃ Slack    ┃ Paths    ┃ Hold TNS ┃ Count    ┃ reg       ┃ Slack    ┃ Reg Paths ┃ TNS      ┃ Count     ┃ reg      ┃ Violatio… ┃ Violati… ┃
┡━━━━━━━━━━━━━━━━━━━━━━╇━━━━━━━━━━╇━━━━━━━━━━╇━━━━━━━━━━╇━━━━━━━━━━╇━━━━━━━━━━━╇━━━━━━━━━━╇━━━━━━━━━━━╇━━━━━━━━━━╇━━━━━━━━━━━╇━━━━━━━━━━╇━━━━━━━━━━━╇━━━━━━━━━━┩
│ Overall              │ -0.0550  │ N/A      │ -0.0550  │ 2        │ 0         │ 9.3432   │ N/A       │ 0.0000   │ 0         │ 0        │ 1         │ 38       │
│ nom_tt_025C_1v80     │ 0.2055   │ N/A      │ 0.0000   │ 0        │ 0         │ 12.9397  │ N/A       │ 0.0000   │ 0         │ 0        │ 0         │ 0        │
│ nom_ss_100C_1v60     │ -0.0130  │ N/A      │ -0.0130  │ 1        │ 0         │ 9.6182   │ N/A       │ 0.0000   │ 0         │ 0        │ 1         │ 38       │
│ nom_ff_n40C_1v95     │ 0.1637   │ N/A      │ 0.0000   │ 0        │ 0         │ 14.1601  │ N/A       │ 0.0000   │ 0         │ 0        │ 0         │ 0        │
│ min_tt_025C_1v80     │ 0.2101   │ N/A      │ 0.0000   │ 0        │ 0         │ 13.0573  │ N/A       │ 0.0000   │ 0         │ 0        │ 0         │ 0        │
│ min_ss_100C_1v60     │ 0.0262   │ N/A      │ 0.0000   │ 0        │ 0         │ 9.9694   │ N/A       │ 0.0000   │ 0         │ 0        │ 1         │ 38       │
│ min_ff_n40C_1v95     │ 0.1773   │ N/A      │ 0.0000   │ 0        │ 0         │ 14.2509  │ N/A       │ 0.0000   │ 0         │ 0        │ 0         │ 0        │
│ max_tt_025C_1v80     │ 0.1769   │ N/A      │ 0.0000   │ 0        │ 0         │ 12.8405  │ N/A       │ 0.0000   │ 0         │ 0        │ 0         │ 0        │
│ max_ss_100C_1v60     │ -0.0550  │ N/A      │ -0.0550  │ 1        │ 0         │ 9.3432   │ N/A       │ 0.0000   │ 0         │ 0        │ 1         │ 38       │
│ max_ff_n40C_1v95     │ 0.1515   │ N/A      │ 0.0000   │ 0        │ 0         │ 14.0807  │ N/A       │ 0.0000   │ 0         │ 0        │ 0         │ 0        │
└──────────────────────┴──────────┴──────────┴──────────┴──────────┴───────────┴──────────┴───────────┴──────────┴───────────┴──────────┴───────────┴──────────┘
